// Jest Snapshot v1, https://goo.gl/fbAQLP

exports[`QuoterV2 quotes #quoteExactInput 0 -> 2 -> 1 1`] = `340090`;

exports[`QuoterV2 quotes #quoteExactInput 0 -> 2 cross 0 tick, starting tick initialized 1`] = `131680`;

exports[`QuoterV2 quotes #quoteExactInput 0 -> 2 cross 0 tick, starting tick not initialized 1`] = `108644`;

exports[`QuoterV2 quotes #quoteExactInput 0 -> 2 cross 1 tick 1`] = `175082`;

exports[`QuoterV2 quotes #quoteExactInput 0 -> 2 cross 2 tick 1`] = `213098`;

exports[`QuoterV2 quotes #quoteExactInput 0 -> 2 cross 2 tick where after is initialized 1`] = `175082`;

exports[`QuoterV2 quotes #quoteExactInput 2 -> 0 cross 0 tick, starting tick initialized 1`] = `105114`;

exports[`QuoterV2 quotes #quoteExactInput 2 -> 0 cross 0 tick, starting tick not initialized 1`] = `101215`;

exports[`QuoterV2 quotes #quoteExactInput 2 -> 0 cross 2 1`] = `205682`;

exports[`QuoterV2 quotes #quoteExactInput 2 -> 0 cross 2 where tick after is initialized 1`] = `205690`;

exports[`QuoterV2 quotes #quoteExactInput 2 -> 1 1`] = `127006`;

exports[`QuoterV2 quotes #quoteExactInputSingle 0 -> 2 1`] = `213080`;

exports[`QuoterV2 quotes #quoteExactInputSingle 2 -> 0 1`] = `205654`;

exports[`QuoterV2 quotes #quoteExactOutput 0 -> 2 -> 1 1`] = `339690`;

exports[`QuoterV2 quotes #quoteExactOutput 0 -> 2 cross 0 tick starting tick initialized 1`] = `131223`;

exports[`QuoterV2 quotes #quoteExactOutput 0 -> 2 cross 0 tick starting tick not initialized 1`] = `108207`;

exports[`QuoterV2 quotes #quoteExactOutput 0 -> 2 cross 1 tick 1`] = `174330`;

exports[`QuoterV2 quotes #quoteExactOutput 0 -> 2 cross 2 tick 1`] = `212128`;

exports[`QuoterV2 quotes #quoteExactOutput 0 -> 2 cross 2 where tick after is initialized 1`] = `174330`;

exports[`QuoterV2 quotes #quoteExactOutput 2 -> 0 cross 1 tick 1`] = `167932`;

exports[`QuoterV2 quotes #quoteExactOutput 2 -> 0 cross 2 ticks 1`] = `205764`;

exports[`QuoterV2 quotes #quoteExactOutput 2 -> 0 cross 2 where tick after is initialized 1`] = `205758`;

exports[`QuoterV2 quotes #quoteExactOutput 2 -> 1 1`] = `127559`;

exports[`QuoterV2 quotes #quoteExactOutputSingle 0 -> 1 1`] = `135081`;

exports[`QuoterV2 quotes #quoteExactOutputSingle 1 -> 0 1`] = `128188`;
